

================================================================
== Vivado HLS Report for 'image_filter_AXIvideo2Mat'
================================================================
* Date:           Wed Dec 14 21:09:57 2016

* Version:        2016.1 (Build 1538259 on Fri Apr 08 16:12:49 MDT 2016)
* Project:        prj
* Solution:       pynq_solution
* Product family: zynq
* Target device:  xc7z020clg400-1


================================================================
== Performance Estimates
================================================================
+ Timing (ns): 
    * Summary: 
    +--------+-------+----------+------------+
    |  Clock | Target| Estimated| Uncertainty|
    +--------+-------+----------+------------+
    |ap_clk  |   7.00|      3.68|        0.88|
    +--------+-------+----------+------------+

+ Latency (clock cycles): 
    * Summary: 
    +-----+---------+-----+---------+---------+
    |    Latency    |    Interval   | Pipeline|
    | min |   max   | min |   max   |   Type  |
    +-----+---------+-----+---------+---------+
    |    3|  2077923|    3|  2077923|   none  |
    +-----+---------+-----+---------+---------+

    + Detail: 
        * Instance: 
        N/A

        * Loop: 
        +-----------------------+-----+---------+----------+-----------+-----------+----------+----------+
        |                       |    Latency    | Iteration|  Initiation Interval  |   Trip   |          |
        |       Loop Name       | min |   max   |  Latency |  achieved |   target  |   Count  | Pipelined|
        +-----------------------+-----+---------+----------+-----------+-----------+----------+----------+
        |- loop_wait_for_start  |    0|        0|         1|          1|          1|         0|    yes   |
        |- loop_height          |    0|  2077920| 4 ~ 1924 |          -|          -| 0 ~ 1080 |    no    |
        | + loop_width          |    0|     1920|         2|          1|          1| 0 ~ 1920 |    yes   |
        | + loop_wait_for_eol   |    0|        0|         1|          1|          1|         0|    yes   |
        +-----------------------+-----+---------+----------+-----------+-----------+----------+----------+



================================================================
== Utilization Estimates
================================================================
* Summary: 
+-----------------+---------+-------+--------+-------+
|       Name      | BRAM_18K| DSP48E|   FF   |  LUT  |
+-----------------+---------+-------+--------+-------+
|DSP              |        -|      -|       -|      -|
|Expression       |        -|      -|       0|     39|
|FIFO             |        -|      -|       -|      -|
|Instance         |        -|      -|       -|      -|
|Memory           |        -|      -|       -|      -|
|Multiplexer      |        -|      -|       -|    131|
|Register         |        -|      -|     148|      -|
+-----------------+---------+-------+--------+-------+
|Total            |        0|      0|     148|    170|
+-----------------+---------+-------+--------+-------+
|Available        |      280|    220|  106400|  53200|
+-----------------+---------+-------+--------+-------+
|Utilization (%)  |        0|      0|   ~0   |   ~0  |
+-----------------+---------+-------+--------+-------+

+ Detail: 
    * Instance: 
    N/A

    * DSP48: 
    N/A

    * Memory: 
    N/A

    * FIFO: 
    N/A

    * Expression: 
    +-----------------------+----------+-------+---+----+------------+------------+
    |     Variable Name     | Operation| DSP48E| FF| LUT| Bitwidth P0| Bitwidth P1|
    +-----------------------+----------+-------+---+----+------------+------------+
    |i_V_fu_299_p2          |     +    |      0|  0|  11|          11|           1|
    |j_V_fu_310_p2          |     +    |      0|  0|  11|          11|           1|
    |ap_sig_137             |    and   |      0|  0|   1|           1|           1|
    |ap_sig_152             |    and   |      0|  0|   1|           1|           1|
    |ap_sig_160             |    and   |      0|  0|   1|           1|           1|
    |ap_sig_205             |    and   |      0|  0|   1|           1|           1|
    |ap_sig_219             |    and   |      0|  0|   1|           1|           1|
    |ap_sig_77              |    and   |      0|  0|   1|           1|           1|
    |exitcond3_i_fu_294_p2  |   icmp   |      0|  0|   4|          11|          11|
    |exitcond4_i_fu_305_p2  |   icmp   |      0|  0|   4|          11|          11|
    |ap_sig_113             |    or    |      0|  0|   1|           1|           1|
    |ap_sig_144             |    or    |      0|  0|   1|           1|           1|
    |brmerge_i_fu_319_p2    |    or    |      0|  0|   1|           1|           1|
    +-----------------------+----------+-------+---+----+------------+------------+
    |Total                  |          |      0|  0|  39|          53|          33|
    +-----------------------+----------+-------+---+----+------------+------------+

    * Multiplexer: 
    +------------------------------+----+-----------+-----+-----------+
    |             Name             | LUT| Input Size| Bits| Total Bits|
    +------------------------------+----+-----------+-----+-----------+
    |ap_NS_fsm                     |   2|          8|    1|          8|
    |axi_data_V1_i_reg_150         |  16|          2|   16|         32|
    |axi_data_V_1_i_phi_fu_185_p4  |  16|          2|   16|         32|
    |axi_data_V_1_i_reg_182        |  16|          2|   16|         32|
    |axi_data_V_3_i_reg_253        |  16|          2|   16|         32|
    |axi_last_V1_i_reg_140         |   1|          2|    1|          2|
    |axi_last_V_2_i_reg_216        |   1|          3|    1|          3|
    |axi_last_V_3_i_reg_241        |   1|          2|    1|          2|
    |eol_2_i_reg_265               |   1|          2|    1|          2|
    |eol_i_phi_fu_208_p4           |   1|          2|    1|          2|
    |eol_i_reg_204                 |   1|          2|    1|          2|
    |eol_phi_fu_174_p4             |   1|          2|    1|          2|
    |eol_reg_171                   |   1|          2|    1|          2|
    |img_data_stream_0_V_blk_n     |   1|          2|    1|          2|
    |img_data_stream_1_V_blk_n     |   1|          2|    1|          2|
    |p_8_i_reg_193                 |  11|          2|   11|         22|
    |p_Val2_s_phi_fu_233_p4        |  16|          3|   16|         48|
    |p_Val2_s_reg_229              |  16|          3|   16|         48|
    |p_i_reg_160                   |  11|          2|   11|         22|
    |video_in_TDATA_blk_n          |   1|          2|    1|          2|
    +------------------------------+----+-----------+-----+-----------+
    |Total                         | 131|         49|  130|        299|
    +------------------------------+----+-----------+-----+-----------+

    * Register: 
    +------------------------+----+----+-----+-----------+
    |          Name          | FF | LUT| Bits| Const Bits|
    +------------------------+----+----+-----+-----------+
    |ap_CS_fsm               |   7|   0|    7|          0|
    |ap_done_reg             |   1|   0|    1|          0|
    |ap_reg_ppiten_pp1_it0   |   1|   0|    1|          0|
    |ap_reg_ppiten_pp1_it1   |   1|   0|    1|          0|
    |axi_data_V1_i_reg_150   |  16|   0|   16|          0|
    |axi_data_V_1_i_reg_182  |  16|   0|   16|          0|
    |axi_data_V_3_i_reg_253  |  16|   0|   16|          0|
    |axi_last_V1_i_reg_140   |   1|   0|    1|          0|
    |axi_last_V_2_i_reg_216  |   1|   0|    1|          0|
    |axi_last_V_3_i_reg_241  |   1|   0|    1|          0|
    |eol_2_i_reg_265         |   1|   0|    1|          0|
    |eol_i_reg_204           |   1|   0|    1|          0|
    |eol_reg_171             |   1|   0|    1|          0|
    |exitcond4_i_reg_383     |   1|   0|    1|          0|
    |i_V_reg_378             |  11|   0|   11|          0|
    |p_8_i_reg_193           |  11|   0|   11|          0|
    |p_Val2_s_reg_229        |  16|   0|   16|          0|
    |p_i_reg_160             |  11|   0|   11|          0|
    |sof_1_i_fu_92           |   1|   0|    1|          0|
    |tmp_4_reg_401           |   8|   0|    8|          0|
    |tmp_data_V_reg_354      |  16|   0|   16|          0|
    |tmp_last_V_reg_362      |   1|   0|    1|          0|
    |tmp_reg_396             |   8|   0|    8|          0|
    +------------------------+----+----+-----+-----------+
    |Total                   | 148|   0|  148|          0|
    +------------------------+----+----+-----+-----------+



================================================================
== Interface
================================================================
* Summary: 
+----------------------------+-----+-----+------------+---------------------------+--------------+
|          RTL Ports         | Dir | Bits|  Protocol  |       Source Object       |    C Type    |
+----------------------------+-----+-----+------------+---------------------------+--------------+
|ap_clk                      |  in |    1| ap_ctrl_hs | image_filter_AXIvideo2Mat | return value |
|ap_rst                      |  in |    1| ap_ctrl_hs | image_filter_AXIvideo2Mat | return value |
|ap_start                    |  in |    1| ap_ctrl_hs | image_filter_AXIvideo2Mat | return value |
|ap_done                     | out |    1| ap_ctrl_hs | image_filter_AXIvideo2Mat | return value |
|ap_continue                 |  in |    1| ap_ctrl_hs | image_filter_AXIvideo2Mat | return value |
|ap_idle                     | out |    1| ap_ctrl_hs | image_filter_AXIvideo2Mat | return value |
|ap_ready                    | out |    1| ap_ctrl_hs | image_filter_AXIvideo2Mat | return value |
|video_in_TDATA              |  in |   16|    axis    |  AXI_video_strm_V_data_V  |    pointer   |
|video_in_TVALID             |  in |    1|    axis    |  AXI_video_strm_V_data_V  |    pointer   |
|video_in_TREADY             | out |    1|    axis    |  AXI_video_strm_V_dest_V  |    pointer   |
|video_in_TDEST              |  in |    1|    axis    |  AXI_video_strm_V_dest_V  |    pointer   |
|video_in_TKEEP              |  in |    2|    axis    |  AXI_video_strm_V_keep_V  |    pointer   |
|video_in_TSTRB              |  in |    2|    axis    |  AXI_video_strm_V_strb_V  |    pointer   |
|video_in_TUSER              |  in |    1|    axis    |  AXI_video_strm_V_user_V  |    pointer   |
|video_in_TLAST              |  in |    1|    axis    |  AXI_video_strm_V_last_V  |    pointer   |
|video_in_TID                |  in |    1|    axis    |   AXI_video_strm_V_id_V   |    pointer   |
|rows                        |  in |   11|  ap_stable |            rows           |    scalar    |
|cols                        |  in |   11|  ap_stable |            cols           |    scalar    |
|img_data_stream_0_V_din     | out |    8|   ap_fifo  |    img_data_stream_0_V    |    pointer   |
|img_data_stream_0_V_full_n  |  in |    1|   ap_fifo  |    img_data_stream_0_V    |    pointer   |
|img_data_stream_0_V_write   | out |    1|   ap_fifo  |    img_data_stream_0_V    |    pointer   |
|img_data_stream_1_V_din     | out |    8|   ap_fifo  |    img_data_stream_1_V    |    pointer   |
|img_data_stream_1_V_full_n  |  in |    1|   ap_fifo  |    img_data_stream_1_V    |    pointer   |
|img_data_stream_1_V_write   | out |    1|   ap_fifo  |    img_data_stream_1_V    |    pointer   |
+----------------------------+-----+-----+------------+---------------------------+--------------+

