

================================================================
== Vivado HLS Report for 'image_filter_Mat2AXIvideo'
================================================================
* Date:           Wed Dec 14 21:10:00 2016

* Version:        2016.1 (Build 1538259 on Fri Apr 08 16:12:49 MDT 2016)
* Project:        prj
* Solution:       pynq_solution
* Product family: zynq
* Target device:  xc7z020clg400-1


================================================================
== Performance Estimates
================================================================
+ Timing (ns): 
    * Summary: 
    +--------+-------+----------+------------+
    |  Clock | Target| Estimated| Uncertainty|
    +--------+-------+----------+------------+
    |ap_clk  |   7.00|      3.48|        0.88|
    +--------+-------+----------+------------+

+ Latency (clock cycles): 
    * Summary: 
    +-----+---------+-----+---------+---------+
    |    Latency    |    Interval   | Pipeline|
    | min |   max   | min |   max   |   Type  |
    +-----+---------+-----+---------+---------+
    |    1|  2076841|    1|  2076841|   none  |
    +-----+---------+-----+---------+---------+

    + Detail: 
        * Instance: 
        N/A

        * Loop: 
        +---------------+-----+---------+----------+-----------+-----------+----------+----------+
        |               |    Latency    | Iteration|  Initiation Interval  |   Trip   |          |
        |   Loop Name   | min |   max   |  Latency |  achieved |   target  |   Count  | Pipelined|
        +---------------+-----+---------+----------+-----------+-----------+----------+----------+
        |- loop_height  |    0|  2076840| 3 ~ 1923 |          -|          -| 0 ~ 1080 |    no    |
        | + loop_width  |    0|     1920|         2|          1|          1| 0 ~ 1920 |    yes   |
        +---------------+-----+---------+----------+-----------+-----------+----------+----------+



================================================================
== Utilization Estimates
================================================================
* Summary: 
+-----------------+---------+-------+--------+-------+
|       Name      | BRAM_18K| DSP48E|   FF   |  LUT  |
+-----------------+---------+-------+--------+-------+
|DSP              |        -|      -|       -|      -|
|Expression       |        -|      -|       0|     47|
|FIFO             |        -|      -|       -|      -|
|Instance         |        -|      -|       -|      -|
|Memory           |        -|      -|       -|      -|
|Multiplexer      |        -|      -|       -|     27|
|Register         |        -|      -|      44|      -|
+-----------------+---------+-------+--------+-------+
|Total            |        0|      0|      44|     74|
+-----------------+---------+-------+--------+-------+
|Available        |      280|    220|  106400|  53200|
+-----------------+---------+-------+--------+-------+
|Utilization (%)  |        0|      0|   ~0   |   ~0  |
+-----------------+---------+-------+--------+-------+

+ Detail: 
    * Instance: 
    N/A

    * DSP48: 
    N/A

    * Memory: 
    N/A

    * FIFO: 
    N/A

    * Expression: 
    +-----------------------+----------+-------+---+----+------------+------------+
    |     Variable Name     | Operation| DSP48E| FF| LUT| Bitwidth P0| Bitwidth P1|
    +-----------------------+----------+-------+---+----+------------+------------+
    |i_V_fu_187_p2          |     +    |      0|  0|  11|          11|           1|
    |j_V_fu_198_p2          |     +    |      0|  0|  11|          11|           1|
    |r_V_fu_171_p2          |     +    |      0|  0|  11|          11|           2|
    |axi_last_V_fu_204_p2   |   icmp   |      0|  0|   4|          11|          11|
    |exitcond3_i_fu_182_p2  |   icmp   |      0|  0|   4|          11|          11|
    |exitcond4_i_fu_193_p2  |   icmp   |      0|  0|   4|          11|          11|
    |ap_sig_74              |    or    |      0|  0|   1|           1|           1|
    |ap_sig_98              |    or    |      0|  0|   1|           1|           1|
    +-----------------------+----------+-------+---+----+------------+------------+
    |Total                  |          |      0|  0|  47|          68|          39|
    +-----------------------+----------+-------+---+----+------------+------------+

    * Multiplexer: 
    +---------------------------------+----+-----------+-----+-----------+
    |               Name              | LUT| Input Size| Bits| Total Bits|
    +---------------------------------+----+-----------+-----+-----------+
    |ap_NS_fsm                        |   1|          5|    1|          5|
    |ap_sig_ioackin_video_out_TREADY  |   1|          2|    1|          2|
    |img_data_stream_0_V_blk_n        |   1|          2|    1|          2|
    |img_data_stream_1_V_blk_n        |   1|          2|    1|          2|
    |p_3_i_reg_160                    |  11|          2|   11|         22|
    |p_i_reg_149                      |  11|          2|   11|         22|
    |video_out_TDATA_blk_n            |   1|          2|    1|          2|
    +---------------------------------+----+-----------+-----+-----------+
    |Total                            |  27|         17|   27|         57|
    +---------------------------------+----+-----------+-----+-----------+

    * Register: 
    +---------------------------------+----+----+-----+-----------+
    |               Name              | FF | LUT| Bits| Const Bits|
    +---------------------------------+----+----+-----+-----------+
    |ap_CS_fsm                        |   4|   0|    4|          0|
    |ap_done_reg                      |   1|   0|    1|          0|
    |ap_reg_ioackin_video_out_TREADY  |   1|   0|    1|          0|
    |ap_reg_ppiten_pp0_it0            |   1|   0|    1|          0|
    |ap_reg_ppiten_pp0_it1            |   1|   0|    1|          0|
    |axi_last_V_reg_267               |   1|   0|    1|          0|
    |exitcond4_i_reg_258              |   1|   0|    1|          0|
    |i_V_reg_253                      |  11|   0|   11|          0|
    |p_3_i_reg_160                    |  11|   0|   11|          0|
    |p_i_reg_149                      |  11|   0|   11|          0|
    |tmp_user_V_fu_92                 |   1|   0|    1|          0|
    +---------------------------------+----+----+-----+-----------+
    |Total                            |  44|   0|   44|          0|
    +---------------------------------+----+----+-----+-----------+



================================================================
== Interface
================================================================
* Summary: 
+-----------------------------+-----+-----+------------+---------------------------+--------------+
|          RTL Ports          | Dir | Bits|  Protocol  |       Source Object       |    C Type    |
+-----------------------------+-----+-----+------------+---------------------------+--------------+
|ap_clk                       |  in |    1| ap_ctrl_hs | image_filter_Mat2AXIvideo | return value |
|ap_rst                       |  in |    1| ap_ctrl_hs | image_filter_Mat2AXIvideo | return value |
|ap_start                     |  in |    1| ap_ctrl_hs | image_filter_Mat2AXIvideo | return value |
|ap_done                      | out |    1| ap_ctrl_hs | image_filter_Mat2AXIvideo | return value |
|ap_continue                  |  in |    1| ap_ctrl_hs | image_filter_Mat2AXIvideo | return value |
|ap_idle                      | out |    1| ap_ctrl_hs | image_filter_Mat2AXIvideo | return value |
|ap_ready                     | out |    1| ap_ctrl_hs | image_filter_Mat2AXIvideo | return value |
|rows                         |  in |   11|  ap_stable |            rows           |    scalar    |
|cols                         |  in |   11|  ap_stable |            cols           |    scalar    |
|img_data_stream_0_V_dout     |  in |    8|   ap_fifo  |    img_data_stream_0_V    |    pointer   |
|img_data_stream_0_V_empty_n  |  in |    1|   ap_fifo  |    img_data_stream_0_V    |    pointer   |
|img_data_stream_0_V_read     | out |    1|   ap_fifo  |    img_data_stream_0_V    |    pointer   |
|img_data_stream_1_V_dout     |  in |    8|   ap_fifo  |    img_data_stream_1_V    |    pointer   |
|img_data_stream_1_V_empty_n  |  in |    1|   ap_fifo  |    img_data_stream_1_V    |    pointer   |
|img_data_stream_1_V_read     | out |    1|   ap_fifo  |    img_data_stream_1_V    |    pointer   |
|video_out_TDATA              | out |   16|    axis    |  AXI_video_strm_V_data_V  |    pointer   |
|video_out_TVALID             | out |    1|    axis    |  AXI_video_strm_V_dest_V  |    pointer   |
|video_out_TREADY             |  in |    1|    axis    |  AXI_video_strm_V_dest_V  |    pointer   |
|video_out_TDEST              | out |    1|    axis    |  AXI_video_strm_V_dest_V  |    pointer   |
|video_out_TKEEP              | out |    2|    axis    |  AXI_video_strm_V_keep_V  |    pointer   |
|video_out_TSTRB              | out |    2|    axis    |  AXI_video_strm_V_strb_V  |    pointer   |
|video_out_TUSER              | out |    1|    axis    |  AXI_video_strm_V_user_V  |    pointer   |
|video_out_TLAST              | out |    1|    axis    |  AXI_video_strm_V_last_V  |    pointer   |
|video_out_TID                | out |    1|    axis    |   AXI_video_strm_V_id_V   |    pointer   |
+-----------------------------+-----+-----+------------+---------------------------+--------------+

