

================================================================
== Vivado HLS Report for 'image_filter_PaintMask_2048_0_1080_1920_s'
================================================================
* Date:           Tue Dec 13 04:20:41 2016

* Version:        2016.1 (Build 1538259 on Fri Apr 08 16:12:49 MDT 2016)
* Project:        prj
* Solution:       solution1
* Product family: zynq
* Target device:  xc7z020clg484-1


================================================================
== Performance Estimates
================================================================
+ Timing (ns): 
    * Summary: 
    +--------+-------+----------+------------+
    |  Clock | Target| Estimated| Uncertainty|
    +--------+-------+----------+------------+
    |ap_clk  |   6.67|      4.91|        0.83|
    +--------+-------+----------+------------+

+ Latency (clock cycles): 
    * Summary: 
    +-----+---------+-----+---------+---------+
    |    Latency    |    Interval   | Pipeline|
    | min |   max   | min |   max   |   Type  |
    +-----+---------+-----+---------+---------+
    |    1|  2077921|    1|  2077921|   none  |
    +-----+---------+-----+---------+---------+

    + Detail: 
        * Instance: 
        N/A

        * Loop: 
        +---------------+-----+---------+----------+-----------+-----------+----------+----------+
        |               |    Latency    | Iteration|  Initiation Interval  |   Trip   |          |
        |   Loop Name   | min |   max   |  Latency |  achieved |   target  |   Count  | Pipelined|
        +---------------+-----+---------+----------+-----------+-----------+----------+----------+
        |- loop_height  |    0|  2077920| 3 ~ 1924 |          -|          -| 0 ~ 1080 |    no    |
        | + loop_width  |    0|     1921|         3|          1|          1| 0 ~ 1920 |    yes   |
        +---------------+-----+---------+----------+-----------+-----------+----------+----------+



================================================================
== Utilization Estimates
================================================================
* Summary: 
+-----------------+---------+-------+--------+-------+
|       Name      | BRAM_18K| DSP48E|   FF   |  LUT  |
+-----------------+---------+-------+--------+-------+
|DSP              |        -|      -|       -|      -|
|Expression       |        -|      -|       0|     52|
|FIFO             |        -|      -|       -|      -|
|Instance         |        -|      -|       -|      -|
|Memory           |        -|      -|       -|      -|
|Multiplexer      |        -|      -|       -|     29|
|Register         |        -|      -|      60|      -|
+-----------------+---------+-------+--------+-------+
|Total            |        0|      0|      60|     81|
+-----------------+---------+-------+--------+-------+
|Available        |      280|    220|  106400|  53200|
+-----------------+---------+-------+--------+-------+
|Utilization (%)  |        0|      0|   ~0   |   ~0  |
+-----------------+---------+-------+--------+-------+

+ Detail: 
    * Instance: 
    N/A

    * DSP48: 
    N/A

    * Memory: 
    N/A

    * FIFO: 
    N/A

    * Expression: 
    +---------------------------+----------+-------+---+----+------------+------------+
    |       Variable Name       | Operation| DSP48E| FF| LUT| Bitwidth P0| Bitwidth P1|
    +---------------------------+----------+-------+---+----+------------+------------+
    |i_V_fu_145_p2              |     +    |      0|  0|  11|          11|           1|
    |j_V_fu_156_p2              |     +    |      0|  0|  11|          11|           1|
    |exitcond2_i_fu_140_p2      |   icmp   |      0|  0|   4|          11|          11|
    |exitcond_i_fu_151_p2       |   icmp   |      0|  0|   4|          11|          11|
    |tmp_i_43_fu_162_p2         |   icmp   |      0|  0|   3|           8|           1|
    |ap_sig_109                 |    or    |      0|  0|   1|           1|           1|
    |ap_sig_116                 |    or    |      0|  0|   1|           1|           1|
    |ap_sig_84                  |    or    |      0|  0|   1|           1|           1|
    |p_dst_data_stream_0_V_din  |  select  |      0|  0|   8|           1|           8|
    |p_dst_data_stream_1_V_din  |  select  |      0|  0|   8|           1|           8|
    +---------------------------+----------+-------+---+----+------------+------------+
    |Total                      |          |      0|  0|  52|          57|          44|
    +---------------------------+----------+-------+---+----+------------+------------+

    * Multiplexer: 
    +-----------------------------+----+-----------+-----+-----------+
    |             Name            | LUT| Input Size| Bits| Total Bits|
    +-----------------------------+----+-----------+-----+-----------+
    |ap_NS_fsm                    |   1|          5|    1|          5|
    |ap_reg_ppiten_pp0_it2        |   1|          2|    1|          2|
    |p_2_i_reg_129                |  11|          2|   11|         22|
    |p_dst_data_stream_0_V_blk_n  |   1|          2|    1|          2|
    |p_dst_data_stream_1_V_blk_n  |   1|          2|    1|          2|
    |p_i_reg_118                  |  11|          2|   11|         22|
    |p_mask_data_stream_V_blk_n   |   1|          2|    1|          2|
    |p_src_data_stream_0_V_blk_n  |   1|          2|    1|          2|
    |p_src_data_stream_1_V_blk_n  |   1|          2|    1|          2|
    +-----------------------------+----+-----------+-----+-----------+
    |Total                        |  29|         21|   29|         61|
    +-----------------------------+----+-----------+-----+-----------+

    * Register: 
    +-------------------------------------------+----+----+-----+-----------+
    |                    Name                   | FF | LUT| Bits| Const Bits|
    +-------------------------------------------+----+----+-----+-----------+
    |ap_CS_fsm                                  |   4|   0|    4|          0|
    |ap_done_reg                                |   1|   0|    1|          0|
    |ap_reg_ppiten_pp0_it0                      |   1|   0|    1|          0|
    |ap_reg_ppiten_pp0_it1                      |   1|   0|    1|          0|
    |ap_reg_ppiten_pp0_it2                      |   1|   0|    1|          0|
    |ap_reg_ppstg_exitcond_i_reg_201_pp0_iter1  |   1|   0|    1|          0|
    |exitcond_i_reg_201                         |   1|   0|    1|          0|
    |i_V_reg_196                                |  11|   0|   11|          0|
    |p_2_i_reg_129                              |  11|   0|   11|          0|
    |p_i_reg_118                                |  11|   0|   11|          0|
    |tmp_6_reg_210                              |   8|   0|    8|          0|
    |tmp_i_43_reg_220                           |   1|   0|    1|          0|
    |tmp_reg_215                                |   8|   0|    8|          0|
    +-------------------------------------------+----+----+-----+-----------+
    |Total                                      |  60|   0|   60|          0|
    +-------------------------------------------+----+----+-----+-----------+



================================================================
== Interface
================================================================
* Summary: 
+-------------------------------+-----+-----+------------+---------------------------------------------+--------------+
|           RTL Ports           | Dir | Bits|  Protocol  |                Source Object                |    C Type    |
+-------------------------------+-----+-----+------------+---------------------------------------------+--------------+
|ap_clk                         |  in |    1| ap_ctrl_hs | image_filter_PaintMask<2048, 0, 1080, 1920> | return value |
|ap_rst                         |  in |    1| ap_ctrl_hs | image_filter_PaintMask<2048, 0, 1080, 1920> | return value |
|ap_start                       |  in |    1| ap_ctrl_hs | image_filter_PaintMask<2048, 0, 1080, 1920> | return value |
|ap_done                        | out |    1| ap_ctrl_hs | image_filter_PaintMask<2048, 0, 1080, 1920> | return value |
|ap_continue                    |  in |    1| ap_ctrl_hs | image_filter_PaintMask<2048, 0, 1080, 1920> | return value |
|ap_idle                        | out |    1| ap_ctrl_hs | image_filter_PaintMask<2048, 0, 1080, 1920> | return value |
|ap_ready                       | out |    1| ap_ctrl_hs | image_filter_PaintMask<2048, 0, 1080, 1920> | return value |
|rows                           |  in |   11|  ap_stable |                     rows                    |    scalar    |
|cols                           |  in |   11|  ap_stable |                     cols                    |    scalar    |
|p_src_data_stream_0_V_dout     |  in |    8|   ap_fifo  |            p_src_data_stream_0_V            |    pointer   |
|p_src_data_stream_0_V_empty_n  |  in |    1|   ap_fifo  |            p_src_data_stream_0_V            |    pointer   |
|p_src_data_stream_0_V_read     | out |    1|   ap_fifo  |            p_src_data_stream_0_V            |    pointer   |
|p_src_data_stream_1_V_dout     |  in |    8|   ap_fifo  |            p_src_data_stream_1_V            |    pointer   |
|p_src_data_stream_1_V_empty_n  |  in |    1|   ap_fifo  |            p_src_data_stream_1_V            |    pointer   |
|p_src_data_stream_1_V_read     | out |    1|   ap_fifo  |            p_src_data_stream_1_V            |    pointer   |
|p_mask_data_stream_V_dout      |  in |    8|   ap_fifo  |             p_mask_data_stream_V            |    pointer   |
|p_mask_data_stream_V_empty_n   |  in |    1|   ap_fifo  |             p_mask_data_stream_V            |    pointer   |
|p_mask_data_stream_V_read      | out |    1|   ap_fifo  |             p_mask_data_stream_V            |    pointer   |
|p_dst_data_stream_0_V_din      | out |    8|   ap_fifo  |            p_dst_data_stream_0_V            |    pointer   |
|p_dst_data_stream_0_V_full_n   |  in |    1|   ap_fifo  |            p_dst_data_stream_0_V            |    pointer   |
|p_dst_data_stream_0_V_write    | out |    1|   ap_fifo  |            p_dst_data_stream_0_V            |    pointer   |
|p_dst_data_stream_1_V_din      | out |    8|   ap_fifo  |            p_dst_data_stream_1_V            |    pointer   |
|p_dst_data_stream_1_V_full_n   |  in |    1|   ap_fifo  |            p_dst_data_stream_1_V            |    pointer   |
|p_dst_data_stream_1_V_write    | out |    1|   ap_fifo  |            p_dst_data_stream_1_V            |    pointer   |
+-------------------------------+-----+-----+------------+---------------------------------------------+--------------+

