

================================================================
== Vivado HLS Report for 'simple'
================================================================
* Date:           Mon Feb 20 17:55:24 2017

* Version:        2016.4 (Build 1756540 on Mon Jan 23 19:31:01 MST 2017)
* Project:        simple_image_process
* Solution:       solution1
* Product family: zynq
* Target device:  xc7z020clg400-1


================================================================
== Performance Estimates
================================================================
+ Timing (ns): 
    * Summary: 
    +--------+-------+----------+------------+
    |  Clock | Target| Estimated| Uncertainty|
    +--------+-------+----------+------------+
    |ap_clk  |  10.00|      8.52|        1.25|
    +--------+-------+----------+------------+

+ Latency (clock cycles): 
    * Summary: 
    +-----+-----+-----+-----+---------+
    |  Latency  |  Interval | Pipeline|
    | min | max | min | max |   Type  |
    +-----+-----+-----+-----+---------+
    |   89|   89|   90|   90|   none  |
    +-----+-----+-----+-----+---------+

    + Detail: 
        * Instance: 
        N/A

        * Loop: 
        +--------------------+-----+-----+----------+-----------+-----------+------+----------+
        |                    |  Latency  | Iteration|  Initiation Interval  | Trip |          |
        |      Loop Name     | min | max |  Latency |  achieved |   target  | Count| Pipelined|
        +--------------------+-----+-----+----------+-----------+-----------+------+----------+
        |- Shift_Accum_Loop  |   88|   88|         8|          -|          -|    11|    no    |
        +--------------------+-----+-----+----------+-----------+-----------+------+----------+



================================================================
== Utilization Estimates
================================================================
* Summary: 
+-----------------+---------+-------+--------+-------+
|       Name      | BRAM_18K| DSP48E|   FF   |  LUT  |
+-----------------+---------+-------+--------+-------+
|DSP              |        -|      -|       -|      -|
|Expression       |        -|      -|       0|     39|
|FIFO             |        -|      -|       -|      -|
|Instance         |        -|      4|       0|      0|
|Memory           |        0|      -|      64|      6|
|Multiplexer      |        -|      -|       -|    114|
|Register         |        -|      -|     116|      -|
+-----------------+---------+-------+--------+-------+
|Total            |        0|      4|     180|    159|
+-----------------+---------+-------+--------+-------+
|Available        |      280|    220|  106400|  53200|
+-----------------+---------+-------+--------+-------+
|Utilization (%)  |        0|      1|   ~0   |   ~0  |
+-----------------+---------+-------+--------+-------+

+ Detail: 
    * Instance: 
    +-------------------------+----------------------+---------+-------+---+----+
    |         Instance        |        Module        | BRAM_18K| DSP48E| FF| LUT|
    +-------------------------+----------------------+---------+-------+---+----+
    |simple_mul_32s_32bkb_U1  |simple_mul_32s_32bkb  |        0|      4|  0|   0|
    +-------------------------+----------------------+---------+-------+---+----+
    |Total                    |                      |        0|      4|  0|   0|
    +-------------------------+----------------------+---------+-------+---+----+

    * DSP48: 
    N/A

    * Memory: 
    +-------------+------------------+---------+----+----+------+-----+------+-------------+
    |    Memory   |      Module      | BRAM_18K| FF | LUT| Words| Bits| Banks| W*Bits*Banks|
    +-------------+------------------+---------+----+----+------+-----+------+-------------+
    |shift_reg_U  |simple_shift_reg  |        0|  64|   6|    11|   32|     1|          352|
    +-------------+------------------+---------+----+----+------+-----+------+-------------+
    |Total        |                  |        0|  64|   6|    11|   32|     1|          352|
    +-------------+------------------+---------+----+----+------+-----+------+-------------+

    * FIFO: 
    N/A

    * Expression: 
    +-----------------+----------+-------+---+----+------------+------------+
    |  Variable Name  | Operation| DSP48E| FF| LUT| Bitwidth P0| Bitwidth P1|
    +-----------------+----------+-------+---+----+------------+------------+
    |acc_1_fu_168_p2  |     +    |      0|  0|  32|          32|          32|
    |grp_fu_124_p2    |     +    |      0|  0|   5|           5|           2|
    |tmp_1_fu_143_p2  |   icmp   |      0|  0|   2|           5|           1|
    +-----------------+----------+-------+---+----+------------+------------+
    |Total            |          |      0|  0|  39|          42|          35|
    +-----------------+----------+-------+---+----+------------+------------+

    * Multiplexer: 
    +--------------------+----+-----------+-----+-----------+
    |        Name        | LUT| Input Size| Bits| Total Bits|
    +--------------------+----+-----------+-----+-----------+
    |acc_reg_89          |  32|          2|   32|         64|
    |ap_NS_fsm           |   4|         10|    1|         10|
    |data1_reg_114       |  32|          2|   32|         64|
    |grp_fu_124_p0       |   5|          3|    5|         15|
    |i_reg_102           |   5|          2|    5|         10|
    |shift_reg_address0  |   4|          4|    4|         16|
    |shift_reg_d0        |  32|          3|   32|         96|
    +--------------------+----+-----------+-----+-----------+
    |Total               | 114|         26|  111|        275|
    +--------------------+----+-----------+-----+-----------+

    * Register: 
    +----------------+----+----+-----+-----------+
    |      Name      | FF | LUT| Bits| Const Bits|
    +----------------+----+----+-----+-----------+
    |acc_reg_89      |  32|   0|   32|          0|
    |ap_CS_fsm       |   9|   0|    9|          0|
    |data1_reg_114   |  32|   0|   32|          0|
    |i_1_reg_208     |   5|   0|    5|          0|
    |i_cast_reg_180  |  32|   0|   32|          0|
    |i_reg_102       |   5|   0|    5|          0|
    |tmp_1_reg_189   |   1|   0|    1|          0|
    +----------------+----+----+-----+-----------+
    |Total           | 116|   0|  116|          0|
    +----------------+----+----+-----+-----------+



================================================================
== Interface
================================================================
* Summary: 
+------------+-----+-----+------------+--------------+--------------+
|  RTL Ports | Dir | Bits|  Protocol  | Source Object|    C Type    |
+------------+-----+-----+------------+--------------+--------------+
|ap_clk      |  in |    1| ap_ctrl_hs |    simple    | return value |
|ap_rst      |  in |    1| ap_ctrl_hs |    simple    | return value |
|ap_start    |  in |    1| ap_ctrl_hs |    simple    | return value |
|ap_done     | out |    1| ap_ctrl_hs |    simple    | return value |
|ap_idle     | out |    1| ap_ctrl_hs |    simple    | return value |
|ap_ready    | out |    1| ap_ctrl_hs |    simple    | return value |
|y           | out |   32|   ap_vld   |       y      |    pointer   |
|y_ap_vld    | out |    1|   ap_vld   |       y      |    pointer   |
|c_address0  | out |    4|  ap_memory |       c      |     array    |
|c_ce0       | out |    1|  ap_memory |       c      |     array    |
|c_q0        |  in |   32|  ap_memory |       c      |     array    |
|x           |  in |   32|   ap_none  |       x      |    scalar    |
+------------+-----+-----+------------+--------------+--------------+

